[23:23:15] [main/INFO] (FabricLoader/GameProvider) Loading Minecraft 1.20.1 with Fabric Loader 0.19.5
[23:23:15] [main/INFO] (FabricLoader) Loading 63 mods:
	- fabric-api 0.92.12+1.20.1
	- fabric-api-base 0.4.32+1802ada577
	- fabric-api-lookup-api-v1 1.6.37+1802ada577
	- fabric-biome-api-v1 13.0.15+93aa238b77
	- fabric-block-api-v1 1.0.12+1802ada577
	- fabric-block-view-api-v2 1.0.3+924f046a77
	- fabric-blockrenderlayer-v1 1.1.42+1802ada577
	- fabric-client-tags-api-v1 1.2.0+238242b777
	- fabric-command-api-v1 1.2.35+f71b366f77
	- fabric-command-api-v2 2.2.14+1802ada577
	- fabric-commands-v0 0.2.52+df3654b377
	- fabric-containers-v0 0.1.68+df3654b377
	- fabric-content-registries-v0 4.0.13+1802ada577
	- fabric-convention-tags-v1 1.5.6+1802ada577
	- fabric-crash-report-info-v1 0.2.20+1802ada577
	- fabric-data-attachment-api-v1 1.0.2+de0fd6d177
	- fabric-data-generation-api-v1 12.4.0+238242b777
	- fabric-dimensions-v1 2.1.55+1802ada577
	- fabric-entity-events-v1 1.6.1+1c78457f77
	- fabric-events-interaction-v0 0.6.6+13a40c6677
	- fabric-events-lifecycle-v0 0.2.64+df3654b377
	- fabric-game-rule-api-v1 1.0.41+1802ada577
	- fabric-gametest-api-v1 1.2.15+1802ada577
	- fabric-item-api-v1 2.1.29+1802ada577
	- fabric-item-group-api-v1 4.0.14+1802ada577
	- fabric-key-binding-api-v1 1.0.38+1802ada577
	- fabric-keybindings-v0 0.2.36+df3654b377
	- fabric-language-kotlin 1.12.3+kotlin.2.0.21
	- fabric-lifecycle-events-v1 2.2.23+1802ada577
	- fabric-loot-api-v2 1.2.3+1802ada577
	- fabric-loot-tables-v1 1.1.47+9e7660c677
	- fabric-message-api-v1 5.1.10+1802ada577
	- fabric-mining-level-api-v1 2.1.52+1802ada577
	- fabric-model-loading-api-v1 1.0.4+1802ada577
	- fabric-models-v0 0.4.3+9386d8a777
	- fabric-networking-api-v1 1.3.15+0caff8d077
	- fabric-networking-v0 0.3.55+df3654b377
	- fabric-object-builder-api-v1 11.1.5+e35120df77
	- fabric-particles-v1 1.1.3+1802ada577
	- fabric-recipe-api-v1 1.0.25+1802ada577
	- fabric-registry-sync-v0 2.4.1+4c0a70e677
	- fabric-renderer-api-v1 3.2.2+1802ada577
	- fabric-renderer-indigo 1.5.3+85287f9f77
	- fabric-renderer-registries-v1 3.2.48+df3654b377
	- fabric-rendering-data-attachment-v1 0.3.39+92a0d36777
	- fabric-rendering-fluids-v1 3.0.29+1802ada577
	- fabric-rendering-v0 1.1.51+df3654b377
	- fabric-rendering-v1 3.0.10+54550fb677
	- fabric-resource-conditions-api-v1 2.3.9+1802ada577
	- fabric-resource-loader-v0 0.11.12+fb82e9d777
	- fabric-screen-api-v1 2.0.9+1802ada577
	- fabric-screen-handler-api-v1 1.3.34+1802ada577
	- fabric-sound-api-v1 1.0.14+1802ada577
	- fabric-tag-api-v1 1.3.0+238242b777
	- fabric-transfer-api-v1 3.3.6+8dd72ea377
	- fabric-transitive-access-wideners-v1 4.3.2+1802ada577
	- fabricloader 0.19.5
	- java 17
	- minecraft 1.20.1
	- mixinextras 0.5.5
	- modmenu 7.2.2
	- undertale_healthbars 1.0+mc1.20.1
	- yet_another_config_lib_v3 3.6.6+1.20.1-fabric
[23:23:16] [main/INFO] (FabricLoader/Mixin) SpongePowered MIXIN Subsystem Version=0.8.7 Source=file:/C:/Users/Kevin%20Eleven/.gradle/caches/modules-2/files-2.1/net.fabricmc/sponge-mixin/0.17.4+mixin.0.8.7/5f66cc9f59b8efaa942155a3d5a30599bf6640dd/sponge-mixin-0.17.4+mixin.0.8.7.jar Service=Knot/Fabric Env=CLIENT
[23:23:16] [main/INFO] (FabricLoader/Mixin) Attempting to load Hot-Swap agent
[23:23:16] [main/INFO] (FabricLoader/Mixin) Loaded Fabric development mappings for mixin remapper!
[23:23:18] [main/INFO] (FabricLoader/MixinExtras|Service) Initializing MixinExtras via com.llamalad7.mixinextras.service.MixinExtrasServiceImpl(version=0.5.5).
[23:23:26] [Datafixer Bootstrap/INFO] (Minecraft) 188 Datafixer optimizations took 291 milliseconds
[23:23:30] [Render thread/INFO] (Minecraft) Environment: authHost='https://authserver.mojang.com', accountsHost='https://api.mojang.com', sessionHost='https://sessionserver.mojang.com', servicesHost='https://api.minecraftservices.com', name='PROD'
[23:23:31] [Render thread/ERROR] (Minecraft) Failed to verify authentication
com.mojang.authlib.exceptions.InvalidCredentialsException: Status: 401
	at com.mojang.authlib.exceptions.MinecraftClientHttpException.toAuthenticationException(MinecraftClientHttpException.java:56) ~[authlib-4.0.43.jar:?]
	at com.mojang.authlib.yggdrasil.YggdrasilUserApiService.fetchProperties(YggdrasilUserApiService.java:156) ~[authlib-4.0.43.jar:?]
	at com.mojang.authlib.yggdrasil.YggdrasilUserApiService.<init>(YggdrasilUserApiService.java:55) ~[authlib-4.0.43.jar:?]
	at com.mojang.authlib.yggdrasil.YggdrasilAuthenticationService.createUserApiService(YggdrasilAuthenticationService.java:124) ~[authlib-4.0.43.jar:?]
	at net.minecraft.client.MinecraftClient.createUserApiService(MinecraftClient.java:733) ~[minecraft-clientOnly-efb85b6d7c-1.20.1-net.fabricmc.yarn.1_20_1.1.20.1+build.10-v2.jar:?]
	at net.minecraft.client.MinecraftClient.<init>(MinecraftClient.java:442) ~[minecraft-clientOnly-efb85b6d7c-1.20.1-net.fabricmc.yarn.1_20_1.1.20.1+build.10-v2.jar:?]
	at net.minecraft.client.main.Main.main(Main.java:211) ~[minecraft-clientOnly-efb85b6d7c-1.20.1-net.fabricmc.yarn.1_20_1.1.20.1+build.10-v2.jar:?]
	at net.fabricmc.loader.impl.game.minecraft.MinecraftGameProvider.launch(MinecraftGameProvider.java:517) ~[fabric-loader-0.19.5.jar:?]
	at net.fabricmc.loader.impl.launch.knot.Knot.launch(Knot.java:72) ~[fabric-loader-0.19.5.jar:?]
	at net.fabricmc.loader.impl.launch.knot.KnotClient.main(KnotClient.java:23) ~[fabric-loader-0.19.5.jar:?]
	at net.fabricmc.devlaunchinjector.Main.main(Main.java:86) ~[dev-launch-injector-0.2.1+build.8.jar:?]
Caused by: com.mojang.authlib.exceptions.MinecraftClientHttpException: Status: 401
	at com.mojang.authlib.minecraft.client.MinecraftClient.readInputStream(MinecraftClient.java:85) ~[authlib-4.0.43.jar:?]
	at com.mojang.authlib.minecraft.client.MinecraftClient.get(MinecraftClient.java:48) ~[authlib-4.0.43.jar:?]
	at com.mojang.authlib.yggdrasil.YggdrasilUserApiService.fetchProperties(YggdrasilUserApiService.java:129) ~[authlib-4.0.43.jar:?]
	... 9 more
[23:23:31] [Render thread/INFO] (Minecraft) Setting user: Player83
[23:23:31] [Render thread/INFO] (Indigo) [Indigo] Registering Indigo renderer!
[23:23:31] [Render thread/INFO] (YetAnotherConfigLib) Deserializing ModConfig from 'D:\Documents\Java stuff\My Fabric Mods\Undertale_HealthBars 1.20.1\run\config\undertale_healthbars.json5'
[23:23:31] [Render thread/INFO] (undertale_healthbars) Registering undertale_healthbars Sounds
[23:23:31] [Render thread/INFO] (undertale_healthbars) Registering undertale_healthbars Keybinds
[23:23:31] [Render thread/INFO] (undertale_healthbars) Undertale healthbars mod loaded!
[23:23:31] [Worker-Main-1/INFO] (Mod Menu/Update Checker) Checking mod updates...
[23:23:31] [Render thread/INFO] (YetAnotherConfigLib) Deserializing YACLConfig from 'D:\Documents\Java stuff\My Fabric Mods\Undertale_HealthBars 1.20.1\run\config\yacl.json5'
[23:23:31] [Render thread/WARN] (YetAnotherConfigLib) Found unknown config field 'preloadComplexImageFormats'.
[23:23:33] [Render thread/INFO] (Minecraft) Backend library: LWJGL version 3.3.2-snapshot
[23:23:34] [Render thread/INFO] (Minecraft) Reloading ResourceManager: vanilla, fabric (fabric-lifecycle-events-v1, fabric-model-loading-api-v1, fabric-rendering-v1, fabric-api-lookup-api-v1, fabric-data-generation-api-v1, fabric-data-attachment-api-v1, fabric-keybindings-v0, fabric-api-base, fabric-rendering-fluids-v1, fabric-renderer-api-v1, fabric-blockrenderlayer-v1, fabric-block-view-api-v2, fabric-resource-loader-v0, fabric-registry-sync-v0, fabric-game-rule-api-v1, fabric-command-api-v2, fabric-transfer-api-v1, fabric-command-api-v1, fabric-mining-level-api-v1, fabric-loot-tables-v1, fabricloader, fabric-convention-tags-v1, fabric-language-kotlin, fabric-renderer-indigo, fabric-entity-events-v1, fabric-renderer-registries-v1, fabric-transitive-access-wideners-v1, fabric-commands-v0, fabric-block-api-v1, fabric-tag-api-v1, undertale_healthbars, fabric-networking-api-v1, fabric-models-v0, fabric-rendering-data-attachment-v1, fabric-content-registries-v0, fabric-particles-v1, fabric-biome-api-v1, fabric-rendering-v0, fabric-gametest-api-v1, fabric-screen-api-v1, fabric-events-lifecycle-v0, fabric-crash-report-info-v1, fabric-loot-api-v2, modmenu, fabric-screen-handler-api-v1, yet_another_config_lib_v3, fabric-sound-api-v1, fabric-recipe-api-v1, fabric-api, fabric-object-builder-api-v1, fabric-client-tags-api-v1, fabric-resource-conditions-api-v1, fabric-message-api-v1, fabric-dimensions-v1, fabric-item-api-v1, fabric-key-binding-api-v1, fabric-item-group-api-v1, fabric-containers-v0, fabric-networking-v0, fabric-events-interaction-v0)
[23:23:35] [Worker-Main-19/INFO] (Minecraft) Found unifont_all_no_pua-15.0.06.hex, loading
[23:23:36] [Realms Notification Availability checker #1/INFO] (Minecraft) Could not authorize you against Realms server: java.lang.RuntimeException: Failed to parse into SignedJWT: FabricMC
[23:23:37] [Render thread/WARN] (Minecraft) Missing sound for event: minecraft:item.goat_horn.play
[23:23:37] [Render thread/WARN] (Minecraft) Missing sound for event: minecraft:entity.goat.screaming.horn_break
[23:23:37] [Render thread/INFO] (Minecraft) OpenAL initialized on device OpenAL Soft on Speakers (USB PnP Sound Device)
[23:23:37] [Render thread/INFO] (Minecraft) Sound engine started
[23:23:37] [Render thread/INFO] (Minecraft) Created: 1024x512x4 minecraft:textures/atlas/blocks.png-atlas
[23:23:37] [Render thread/INFO] (Minecraft) Created: 256x256x4 minecraft:textures/atlas/signs.png-atlas
[23:23:37] [Render thread/INFO] (Minecraft) Created: 512x512x4 minecraft:textures/atlas/banner_patterns.png-atlas
[23:23:37] [Render thread/INFO] (Minecraft) Created: 512x512x4 minecraft:textures/atlas/shield_patterns.png-atlas
[23:23:37] [Render thread/INFO] (Minecraft) Created: 1024x1024x4 minecraft:textures/atlas/armor_trims.png-atlas
[23:23:37] [Render thread/INFO] (Minecraft) Created: 256x256x4 minecraft:textures/atlas/chest.png-atlas
[23:23:37] [Render thread/INFO] (Minecraft) Created: 128x64x4 minecraft:textures/atlas/decorated_pot.png-atlas
[23:23:37] [Render thread/INFO] (Minecraft) Created: 512x256x4 minecraft:textures/atlas/beds.png-atlas
[23:23:37] [Render thread/INFO] (Minecraft) Created: 512x256x4 minecraft:textures/atlas/shulker_boxes.png-atlas
[23:23:38] [Render thread/WARN] (Minecraft) Shader rendertype_entity_translucent_emissive could not find sampler named Sampler2 in the specified shader program.
[23:23:38] [Render thread/INFO] (Minecraft) Created: 256x256x0 minecraft:textures/atlas/particles.png-atlas
[23:23:38] [Render thread/INFO] (Minecraft) Created: 256x256x0 minecraft:textures/atlas/paintings.png-atlas
[23:23:38] [Render thread/INFO] (Minecraft) Created: 128x128x0 minecraft:textures/atlas/mob_effects.png-atlas
[23:23:41] [Render thread/INFO] (YetAnotherConfigLib) Generating YACL screen
[23:23:41] [Render thread/WARN] (Mod Menu | FabricMod) Warning! Mod mixinextras has a broken icon, loading default icon
[23:23:43] [Render thread/INFO] (YetAnotherConfigLib) Generating YACL screen
[23:23:53] [Render thread/INFO] (Minecraft) Loaded 7 recipes
[23:23:53] [Render thread/INFO] (Minecraft) Loaded 1271 advancements
[23:23:54] [Render thread/INFO] (BiomeModificationImpl) Applied 0 biome modifications to 0 of 64 new biomes in 2.229 ms
[23:23:54] [Server thread/INFO] (Minecraft) Starting integrated minecraft server version 1.20.1
[23:23:54] [Server thread/INFO] (Minecraft) Generating keypair
[23:23:55] [Server thread/INFO] (Minecraft) Preparing start region for dimension minecraft:overworld
[23:23:55] [Render thread/INFO] (Minecraft) Preparing spawn area: 0%
[23:23:55] [Render thread/INFO] (Minecraft) Preparing spawn area: 0%
[23:23:56] [Render thread/INFO] (Minecraft) Preparing spawn area: 0%
[23:23:56] [Render thread/INFO] (Minecraft) Preparing spawn area: 0%
[23:23:57] [Render thread/INFO] (Minecraft) Preparing spawn area: 1%
[23:23:57] [Render thread/INFO] (Minecraft) Preparing spawn area: 1%
[23:23:58] [Render thread/INFO] (Minecraft) Preparing spawn area: 15%
[23:23:58] [Render thread/INFO] (Minecraft) Preparing spawn area: 62%
[23:23:59] [Render thread/INFO] (Minecraft) Preparing spawn area: 85%
[23:23:59] [Render thread/INFO] (Minecraft) Time elapsed: 4109 ms
[23:23:59] [Server thread/INFO] (Minecraft) Changing view distance to 7, from 10
[23:23:59] [Server thread/INFO] (Minecraft) Changing simulation distance to 12, from 0
[23:24:01] [Server thread/INFO] (Minecraft) Player83[local:E:edb55ddc] logged in with entity id 152 at (-64.08615102045466, -60.0, -76.36841619522501)
[23:24:01] [Server thread/INFO] (Minecraft) Player83 joined the game
[23:24:01] [Server thread/INFO] (Minecraft) Player83 has made the advancement [Acquire Hardware]
[23:24:02] [Render thread/INFO] (Minecraft) [System] [CHAT] Player83 has made the advancement [Acquire Hardware]
[23:24:02] [Render thread/INFO] (Minecraft) Loaded 52 advancements
[23:24:10] [Render thread/INFO] (Minecraft) Loaded 69 advancements
[23:24:15] [Server thread/INFO] (Minecraft) Player83 has made the advancement [Monster Hunter]
[23:24:15] [Render thread/INFO] (Minecraft) [System] [CHAT] Player83 has made the advancement [Monster Hunter]
[23:24:15] [Render thread/INFO] (Minecraft) Loaded 100 advancements
[23:24:16] [Render thread/INFO] (Minecraft) Loaded 100 advancements
[23:24:32] [Server thread/INFO] (Minecraft) [Player83: Summoned new Iron Golem]
[23:24:32] [Render thread/INFO] (Minecraft) [System] [CHAT] Summoned new Iron Golem
[23:24:46] [Server thread/INFO] (Minecraft) Player83 was slain by Iron Golem
[23:24:46] [Render thread/INFO] (Minecraft) [System] [CHAT] Player83 was slain by Iron Golem
[23:24:56] [Render thread/INFO] (Minecraft) Loaded 100 advancements
[23:25:01] [Render thread/INFO] (Minecraft) Loaded 100 advancements
[23:25:14] [Server thread/INFO] (Minecraft) Player83 has made the advancement [The End?]
[23:25:14] [Render thread/INFO] (Minecraft) [System] [CHAT] Player83 has made the advancement [The End?]
[23:25:14] [Render thread/INFO] (Minecraft) Loaded 109 advancements
[23:25:19] [Render thread/INFO] (Minecraft) Loaded 109 advancements
[23:25:21] [Server thread/INFO] (Minecraft) [Player83: Set own game mode to Creative Mode]
[23:25:21] [Render thread/INFO] (Minecraft) [System] [CHAT] Set own game mode to Creative Mode
[23:25:56] [Render thread/INFO] (YetAnotherConfigLib) Generating YACL screen
[23:25:56] [Server thread/INFO] (Minecraft) Saving and pausing game...
[23:25:56] [Server thread/INFO] (Minecraft) Saving chunks for level 'ServerLevel[New World]'/minecraft:overworld
[23:25:56] [Server thread/INFO] (Minecraft) Saving chunks for level 'ServerLevel[New World]'/minecraft:the_nether
[23:25:56] [Server thread/INFO] (Minecraft) Saving chunks for level 'ServerLevel[New World]'/minecraft:the_end
[23:25:58] [Render thread/INFO] (YetAnotherConfigLib) Serializing class net.kevineleven.undertale_healthbars.config.ModConfig to 'D:\Documents\Java stuff\My Fabric Mods\Undertale_HealthBars 1.20.1\run\config\undertale_healthbars.json5'
[23:25:59] [Render thread/INFO] (YetAnotherConfigLib) Serializing class net.kevineleven.undertale_healthbars.config.ModConfig to 'D:\Documents\Java stuff\My Fabric Mods\Undertale_HealthBars 1.20.1\run\config\undertale_healthbars.json5'
[23:26:06] [Server thread/INFO] (Minecraft) Saving and pausing game...
[23:26:06] [Server thread/INFO] (Minecraft) Saving chunks for level 'ServerLevel[New World]'/minecraft:overworld
[23:26:06] [Server thread/INFO] (Minecraft) Saving chunks for level 'ServerLevel[New World]'/minecraft:the_nether
[23:26:06] [Server thread/INFO] (Minecraft) Saving chunks for level 'ServerLevel[New World]'/minecraft:the_end
[23:26:07] [Server thread/INFO] (Minecraft) Player83 lost connection: Disconnected
[23:26:07] [Server thread/INFO] (Minecraft) Player83 left the game
[23:26:07] [Server thread/INFO] (Minecraft) Stopping singleplayer server as player logged out
[23:26:07] [Server thread/INFO] (Minecraft) Stopping server
[23:26:07] [Server thread/INFO] (Minecraft) Saving players
[23:26:07] [Server thread/INFO] (Minecraft) Saving worlds
[23:26:08] [Server thread/INFO] (Minecraft) Saving chunks for level 'ServerLevel[New World]'/minecraft:overworld
[23:26:13] [Server thread/INFO] (Minecraft) Saving chunks for level 'ServerLevel[New World]'/minecraft:the_nether
[23:26:13] [Server thread/INFO] (Minecraft) Saving chunks for level 'ServerLevel[New World]'/minecraft:the_end
[23:26:13] [Server thread/INFO] (Minecraft) ThreadedAnvilChunkStorage (New World): All chunks are saved
[23:26:13] [Server thread/INFO] (Minecraft) ThreadedAnvilChunkStorage (DIM-1): All chunks are saved
[23:26:13] [Server thread/INFO] (Minecraft) ThreadedAnvilChunkStorage (DIM1): All chunks are saved
[23:26:13] [Server thread/INFO] (Minecraft) ThreadedAnvilChunkStorage: All dimensions are saved
[23:26:14] [Render thread/INFO] (Minecraft) Stopping!
